{
  "ticker": "AAPL",
  "period": "2024-Q4",
  "freq": "Q",
  "expect": {
    "revenue": {
      "approx": 119575000000,
      "tol": 0.02
    },
    "grossMargin": {
      "approx": 0.41,
      "tol": 0.03
    },
    "ebitdaMargin": {
      "approx": 0.35,
      "tol": 0.05
    },
    "netIncome": {
      "approx": 33916000000,
      "tol": 0.02
    },
    "fcf": {
      "approx": 38800000000,
      "tol": 0.02
    },
    "roe": {
      "approx": 1.47,
      "tol": 0.02
    },
    "currentRatio": {
      "approx": 1.04,
      "tol": 0.02
    }
  },
  "metadata": {
    "source": "SEC EDGAR 10-K Filing",
    "filing_date": "2024-01-27",
    "accession": "0000320193-24-000006",
    "form": "10-K",
    "test_date": "2024-01-15",
    "notes": "Values are approximate based on Apple's Q4 2024 10-K filing. Tolerances account for rounding and calculation differences."
  }
}
