{
  "ticker": "ASML",
  "period": "2024-Q4",
  "freq": "Q",
  "expect": {
    "revenue": {
      "approx": 7240000000,
      "tol": 0.02
    },
    "grossMargin": {
      "approx": 0.51,
      "tol": 0.03
    },
    "ebitdaMargin": {
      "approx": 0.44,
      "tol": 0.05
    },
    "netIncome": {
      "approx": 2040000000,
      "tol": 0.02
    },
    "fcf": {
      "approx": 2100000000,
      "tol": 0.02
    }
  },
  "metadata": {
    "source": "SEC EDGAR 20-F Filing",
    "filing_date": "2024-02-15",
    "accession": "0001038369-24-000001",
    "form": "20-F",
    "test_date": "2024-01-15",
    "notes": "ASML (EUR, IFRS) - Values converted to USD using ECB rates. Tests IFRS concept mapping and FX normalization.",
    "jurisdiction": "EUR",
    "reporting_standard": "IFRS",
    "currency": "EUR",
    "fx_conversion": "ECB EUR/USD"
  }
}
