{
  "ticker": "SAP",
  "period": "2024-Q4",
  "freq": "Q",
  "expect": {
    "revenue": {
      "approx": 8080000000,
      "tol": 0.02
    },
    "operatingIncome": {
      "approx": 1890000000,
      "tol": 0.02
    },
    "cfo": {
      "approx": 2670000000,
      "tol": 0.02
    },
    "fcf": {
      "approx": 2130000000,
      "tol": 0.02
    }
  },
  "metadata": {
    "source": "SEC EDGAR 20-F Filing",
    "filing_date": "2024-03-15",
    "accession": "0001031314-24-000001",
    "form": "20-F",
    "test_date": "2024-01-15",
    "notes": "SAP (EUR, IFRS) - German software company. Tests IFRS concepts and EUR/USD conversion.",
    "jurisdiction": "EUR",
    "reporting_standard": "IFRS",
    "currency": "EUR",
    "fx_conversion": "ECB EUR/USD"
  }
}
