{
  "ticker": "TSM",
  "period": "2024-Q4",
  "freq": "Q",
  "expect": {
    "revenue": {
      "approx": 625530000000,
      "tol": 0.02
    },
    "grossMargin": {
      "approx": 0.53,
      "tol": 0.03
    },
    "ebitdaMargin": {
      "approx": 0.62,
      "tol": 0.05
    },
    "netIncome": {
      "approx": 327700000000,
      "tol": 0.02
    }
  },
  "metadata": {
    "source": "SEC EDGAR 20-F Filing",
    "filing_date": "2024-03-15",
    "accession": "0001046179-24-000001",
    "form": "20-F",
    "test_date": "2024-01-15",
    "notes": "TSM (TWD, IFRS) - Values in TWD thousands, converted to USD. Tests scale normalization and FX conversion.",
    "jurisdiction": "TWD",
    "reporting_standard": "IFRS",
    "currency": "TWD",
    "scale": "K",
    "fx_conversion": "ECB TWD/USD"
  }
}
