{
  "test_case": "AAPL Revenue Q4 2024",
  "ticker": "AAPL",
  "concept": "us-gaap:SalesRevenueNet",
  "period": "2024-Q4",
  "freq": "Q",
  "expected": {
    "value": 119575000000,
    "unit": "USD",
    "scale": "millions",
    "accession": "0000320193-24-000006",
    "fragment_id": "CY2024Q4I",
    "url": "https://www.sec.gov/Archives/edgar/data/320193/000032019324000006/aapl-20240127x10k.htm",
    "quality_flags": []
  },
  "metadata": {
    "source": "SEC Company Facts API",
    "company_name": "Apple Inc.",
    "cik": "0000320193",
    "form": "10-K",
    "filing_date": "2024-01-27",
    "test_date": "2024-01-15"
  }
}

